
> sih2025@0.1.0 build
> next build

   Γû▓ Next.js 15.5.2
   - Environments: .env.local

   Creating an optimized production build ...
node.exe : Failed to compile.
At C:\Program 
Files\nodejs\npm.ps1:29 
char:3
+   & $NODE_EXE $NPM_CLI_JS 
$args
+   
~~~~~~~~~~~~~~~~~~~~~~~~~~~~~
    + CategoryInfo           
   : NotSpecifi    ed: 
(Failed to com    
pile.:String) [],     
RemoteException
    + FullyQualifiedEr    
rorId : NativeComm    
andError
 

./app/page.jsx
Error:   [31mx[0m You are 
attempting to export 
"metadata" from a component 
marked with "use client", 
which is disallowed. Either 
remove the export, or the 
"use client" directive. Read 
more: https://nextjs.org/docs
/app/api-reference/directives
/use-client
  [31m|[0m

    
,-[[36;1;4mC:\next\Smart 
India Hackathon-2025\sih2025 
- Copy\app\page.jsx[0m:12:1]
 [2m 9[0m | import { 
MdOutlineEventNote, 
MdOutlineNewspaper } from 
"react-icons/md";
 [2m10[0m | import { 
RiShieldUserLine } from 
"react-icons/ri";
 [2m11[0m | 
 [2m12[0m | export const 
metadata = {
    : [35;1m             
^^^^^^^^[0m
 [2m13[0m |   title: 
"CareerDisha | Best Career 
Guidance Platform",
 [2m14[0m |   description:
 [2m14[0m |     "Discover 
the best career options, 
courses, and future 
opportunities with 
CareerDisha.",
    `----

Import trace for requested 
module:
./app/page.jsx


> Build failed because of 
webpack errors
