
> sih2025@0.1.0 build
> next build

   ??? Next.js 15.5.2
   - Environments: .env.local

   Creating an optimized production build ...
